// Jest Snapshot v1, https://goo.gl/fbAQLP

exports[`<GifGridItem.js /> Testing Debe mostrar el snapshot correctamente 1`] = `
<div
  className="card animate__animated animate__fadeIn"
>
  <img />
  <p />
</div>
`;
